Archive member included to satisfy reference by file (symbol)

/usr/share/gcc-arm-none-eabi-13.2.rel1/bin/../lib/gcc/arm-none-eabi/13.2.1/../../../../arm-none-eabi/lib/thumb/v8-m.main+fp/hard/libc_nano.a(libc_a-exit.o)
                              /usr/share/gcc-arm-none-eabi-13.2.rel1/bin/../lib/gcc/arm-none-eabi/13.2.1/../../../../arm-none-eabi/lib/thumb/v8-m.main+fp/hard/crt0.o (exit)
/usr/share/gcc-arm-none-eabi-13.2.rel1/bin/../lib/gcc/arm-none-eabi/13.2.1/../../../../arm-none-eabi/lib/thumb/v8-m.main+fp/hard/libc_nano.a(libc_a-init.o)
                              /usr/share/gcc-arm-none-eabi-13.2.rel1/bin/../lib/gcc/arm-none-eabi/13.2.1/../../../../arm-none-eabi/lib/thumb/v8-m.main+fp/hard/crt0.o (__libc_init_array)
/usr/share/gcc-arm-none-eabi-13.2.rel1/bin/../lib/gcc/arm-none-eabi/13.2.1/../../../../arm-none-eabi/lib/thumb/v8-m.main+fp/hard/libc_nano.a(libc_a-findfp.o)
                              /usr/share/gcc-arm-none-eabi-13.2.rel1/bin/../lib/gcc/arm-none-eabi/13.2.1/../../../../arm-none-eabi/lib/thumb/v8-m.main+fp/hard/libc_nano.a(libc_a-exit.o) (__stdio_exit_handler)
/usr/share/gcc-arm-none-eabi-13.2.rel1/bin/../lib/gcc/arm-none-eabi/13.2.1/../../../../arm-none-eabi/lib/thumb/v8-m.main+fp/hard/libc_nano.a(libc_a-stdio.o)
                              /usr/share/gcc-arm-none-eabi-13.2.rel1/bin/../lib/gcc/arm-none-eabi/13.2.1/../../../../arm-none-eabi/lib/thumb/v8-m.main+fp/hard/libc_nano.a(libc_a-findfp.o) (__sread)
/usr/share/gcc-arm-none-eabi-13.2.rel1/bin/../lib/gcc/arm-none-eabi/13.2.1/../../../../arm-none-eabi/lib/thumb/v8-m.main+fp/hard/libc_nano.a(libc_a-readr.o)
                              /usr/share/gcc-arm-none-eabi-13.2.rel1/bin/../lib/gcc/arm-none-eabi/13.2.1/../../../../arm-none-eabi/lib/thumb/v8-m.main+fp/hard/libc_nano.a(libc_a-stdio.o) (_read_r)
/usr/share/gcc-arm-none-eabi-13.2.rel1/bin/../lib/gcc/arm-none-eabi/13.2.1/../../../../arm-none-eabi/lib/thumb/v8-m.main+fp/hard/libc_nano.a(libc_a-writer.o)
                              /usr/share/gcc-arm-none-eabi-13.2.rel1/bin/../lib/gcc/arm-none-eabi/13.2.1/../../../../arm-none-eabi/lib/thumb/v8-m.main+fp/hard/libc_nano.a(libc_a-stdio.o) (_write_r)
/usr/share/gcc-arm-none-eabi-13.2.rel1/bin/../lib/gcc/arm-none-eabi/13.2.1/../../../../arm-none-eabi/lib/thumb/v8-m.main+fp/hard/libc_nano.a(libc_a-fwalk.o)
                              /usr/share/gcc-arm-none-eabi-13.2.rel1/bin/../lib/gcc/arm-none-eabi/13.2.1/../../../../arm-none-eabi/lib/thumb/v8-m.main+fp/hard/libc_nano.a(libc_a-findfp.o) (_fwalk_sglue)
/usr/share/gcc-arm-none-eabi-13.2.rel1/bin/../lib/gcc/arm-none-eabi/13.2.1/../../../../arm-none-eabi/lib/thumb/v8-m.main+fp/hard/libc_nano.a(libc_a-memset.o)
                              /usr/share/gcc-arm-none-eabi-13.2.rel1/bin/../lib/gcc/arm-none-eabi/13.2.1/../../../../arm-none-eabi/lib/thumb/v8-m.main+fp/hard/crt0.o (memset)
/usr/share/gcc-arm-none-eabi-13.2.rel1/bin/../lib/gcc/arm-none-eabi/13.2.1/../../../../arm-none-eabi/lib/thumb/v8-m.main+fp/hard/libc_nano.a(libc_a-lock.o)
                              /usr/share/gcc-arm-none-eabi-13.2.rel1/bin/../lib/gcc/arm-none-eabi/13.2.1/../../../../arm-none-eabi/lib/thumb/v8-m.main+fp/hard/libc_nano.a(libc_a-findfp.o) (__retarget_lock_init_recursive)
/usr/share/gcc-arm-none-eabi-13.2.rel1/bin/../lib/gcc/arm-none-eabi/13.2.1/../../../../arm-none-eabi/lib/thumb/v8-m.main+fp/hard/libc_nano.a(libc_a-closer.o)
                              /usr/share/gcc-arm-none-eabi-13.2.rel1/bin/../lib/gcc/arm-none-eabi/13.2.1/../../../../arm-none-eabi/lib/thumb/v8-m.main+fp/hard/libc_nano.a(libc_a-stdio.o) (_close_r)
/usr/share/gcc-arm-none-eabi-13.2.rel1/bin/../lib/gcc/arm-none-eabi/13.2.1/../../../../arm-none-eabi/lib/thumb/v8-m.main+fp/hard/libc_nano.a(libc_a-reent.o)
                              /usr/share/gcc-arm-none-eabi-13.2.rel1/bin/../lib/gcc/arm-none-eabi/13.2.1/../../../../arm-none-eabi/lib/thumb/v8-m.main+fp/hard/libc_nano.a(libc_a-readr.o) (errno)
/usr/share/gcc-arm-none-eabi-13.2.rel1/bin/../lib/gcc/arm-none-eabi/13.2.1/../../../../arm-none-eabi/lib/thumb/v8-m.main+fp/hard/libc_nano.a(libc_a-impure.o)
                              /usr/share/gcc-arm-none-eabi-13.2.rel1/bin/../lib/gcc/arm-none-eabi/13.2.1/../../../../arm-none-eabi/lib/thumb/v8-m.main+fp/hard/libc_nano.a(libc_a-reent.o) (_impure_ptr)
/usr/share/gcc-arm-none-eabi-13.2.rel1/bin/../lib/gcc/arm-none-eabi/13.2.1/../../../../arm-none-eabi/lib/thumb/v8-m.main+fp/hard/libc_nano.a(libc_a-fflush.o)
                              /usr/share/gcc-arm-none-eabi-13.2.rel1/bin/../lib/gcc/arm-none-eabi/13.2.1/../../../../arm-none-eabi/lib/thumb/v8-m.main+fp/hard/libc_nano.a(libc_a-findfp.o) (_fflush_r)
/usr/share/gcc-arm-none-eabi-13.2.rel1/bin/../lib/gcc/arm-none-eabi/13.2.1/../../../../arm-none-eabi/lib/thumb/v8-m.main+fp/hard/libc_nano.a(libc_a-mallocr.o)
[...]
Memory Configuration

Name             Origin             Length             Attributes
RAM              0x20000000         0x000c0000         xrw
ROM              0x08000000         0x00200000         xr
SRAM4            0x28000000         0x00004000         xrw
*default*        0x00000000         0xffffffff

Linker script and memory map

LOAD /usr/share/gcc-arm-none-eabi-13.2.rel1/bin/../lib/gcc/arm-none-eabi/13.2.1/thumb/v8-m.main+fp/hard/crti.o
LOAD /usr/share/gcc-arm-none-eabi-13.2.rel1/bin/../lib/gcc/arm-none-eabi/13.2.1/thumb/v8-m.main+fp/hard/crtbegin.o
LOAD /usr/share/gcc-arm-none-eabi-13.2.rel1/bin/../lib/gcc/arm-none-eabi/13.2.1/../../../../arm-none-eabi/lib/thumb/v8-m.main+fp/hard/crt0.o
START GROUP
LOAD /usr/share/gcc-arm-none-eabi-13.2.rel1/bin/../lib/gcc/arm-none-eabi/13.2.1/../../../../arm-none-eabi/lib/thumb/v8-m.main+fp/hard/libc_nano.a
LOAD /usr/share/gcc-arm-none-eabi-13.2.rel1/bin/../lib/gcc/arm-none-eabi/13.2.1/../../../../arm-none-eabi/lib/thumb/v8-m.main+fp/hard/libm.a
END GROUP
LOAD cmake/stm32cubemx/CMakeFiles/STM32_Drivers.dir/__/__/Core/Src/system_stm32u5xx.c.obj
LOAD cmake/stm32cubemx/CMakeFiles/STM32_Drivers.dir/__/__/Drivers/STM32U5xx_HAL_Driver/Src/stm32u5xx_hal_cortex.c.obj
LOAD cmake/stm32cubemx/CMakeFiles/STM32_Drivers.dir/__/__/Drivers/STM32U5xx_HAL_Driver/Src/stm32u5xx_hal.c.obj
LOAD cmake/stm32cubemx/CMakeFiles/STM32_Drivers.dir/__/__/Drivers/STM32U5xx_HAL_Driver/Src/stm32u5xx_hal_i2c.c.obj
LOAD cmake/stm32cubemx/CMakeFiles/STM32_Drivers.dir/__/__/Drivers/STM32U5xx_HAL_Driver/Src/stm32u5xx_hal_i2c_ex.c.obj
LOAD cmake/stm32cubemx/CMakeFiles/STM32_Drivers.dir/__/__/Drivers/STM32U5xx_HAL_Driver/Src/stm32u5xx_hal_rcc.c.obj
LOAD cmake/stm32cubemx/CMakeFiles/STM32_Drivers.dir/__/__/Drivers/STM32U5xx_HAL_Driver/Src/stm32u5xx_hal_rcc_ex.c.obj
LOAD cmake/stm32cubemx/CMakeFiles/STM32_Drivers.dir/__/__/Drivers/STM32U5xx_HAL_Driver/Src/stm32u5xx_hal_flash.c.obj
LOAD cmake/stm32cubemx/CMakeFiles/STM32_Drivers.dir/__/__/Drivers/STM32U5xx_HAL_Driver/Src/stm32u5xx_hal_flash_ex.c.obj
LOAD cmake/stm32cubemx/CMakeFiles/STM32_Drivers.dir/__/__/Drivers/STM32U5xx_HAL_Driver/Src/stm32u5xx_hal_gpio.c.obj
LOAD cmake/stm32cubemx/CMakeFiles/STM32_Drivers.dir/__/__/Drivers/STM32U5xx_HAL_Driver/Src/stm32u5xx_hal_dma.c.obj
LOAD cmake/stm32cubemx/CMakeFiles/STM32_Drivers.dir/__/__/Drivers/STM32U5xx_HAL_Driver/Src/stm32u5xx_hal_dma_ex.c.obj
LOAD cmake/stm32cubemx/CMakeFiles/STM32_Drivers.dir/__/__/Drivers/STM32U5xx_HAL_Driver/Src/stm32u5xx_hal_exti.c.obj
LOAD cmake/stm32cubemx/CMakeFiles/STM32_Drivers.dir/__/__/Drivers/STM32U5xx_HAL_Driver/Src/stm32u5xx_hal_pwr.c.obj
LOAD cmake/stm32cubemx/CMakeFiles/STM32_Drivers.dir/__/__/Drivers/STM32U5xx_HAL_Driver/Src/stm32u5xx_hal_pwr_ex.c.obj
LOAD cmake/stm32cubemx/CMakeFiles/STM32_Drivers.dir/__/__/Drivers/STM32U5xx_HAL_Driver/Src/stm32u5xx_hal_gtzc.c.obj
LOAD cmake/stm32cubemx/CMakeFiles/STM32_Drivers.dir/__/__/Drivers/STM32U5xx_HAL_Driver/Src/stm32u5xx_hal_icache.c.obj
LOAD cmake/stm32cubemx/CMakeFiles/STM32_Drivers.dir/__/__/Drivers/STM32U5xx_HAL_Driver/Src/stm32u5xx_hal_uart.c.obj
LOAD cmake/stm32cubemx/CMakeFiles/STM32_Drivers.dir/__/__/Drivers/STM32U5xx_HAL_Driver/Src/stm32u5xx_hal_uart_ex.c.obj
LOAD CMakeFiles/test_10-04-2025_button-codetest.dir/Core/Src/main.c.obj
LOAD CMakeFiles/test_10-04-2025_button-codetest.dir/Core/Src/stm32u5xx_it.c.obj
LOAD CMakeFiles/test_10-04-2025_button-codetest.dir/Core/Src/stm32u5xx_hal_msp.c.obj
LOAD CMakeFiles/test_10-04-2025_button-codetest.dir/Core/Src/sysmem.c.obj
LOAD CMakeFiles/test_10-04-2025_button-codetest.dir/Core/Src/syscalls.c.obj
LOAD CMakeFiles/test_10-04-2025_button-codetest.dir/startup_stm32u575xx.s.obj
START GROUP
LOAD /usr/share/gcc-arm-none-eabi-13.2.rel1/bin/../lib/gcc/arm-none-eabi/13.2.1/thumb/v8-m.main+fp/hard/libgcc.a
LOAD /usr/share/gcc-arm-none-eabi-13.2.rel1/bin/../lib/gcc/arm-none-eabi/13.2.1/../../../../arm-none-eabi/lib/thumb/v8-m.main+fp/hard/libg_nano.a
LOAD /usr/share/gcc-arm-none-eabi-13.2.rel1/bin/../lib/gcc/arm-none-eabi/13.2.1/../../../../arm-none-eabi/lib/thumb/v8-m.main+fp/hard/libc_nano.a
END GROUP
START GROUP
LOAD /usr/share/gcc-arm-none-eabi-13.2.rel1/bin/../lib/gcc/arm-none-eabi/13.2.1/thumb/v8-m.main+fp/hard/libgcc.a
LOAD /usr/share/gcc-arm-none-eabi-13.2.rel1/bin/../lib/gcc/arm-none-eabi/13.2.1/../../../../arm-none-eabi/lib/thumb/v8-m.main+fp/hard/libc_nano.a
END GROUP
LOAD /usr/share/gcc-arm-none-eabi-13.2.rel1/bin/../lib/gcc/arm-none-eabi/13.2.1/thumb/v8-m.main+fp/hard/crtend.o
LOAD /usr/share/gcc-arm-none-eabi-13.2.rel1/bin/../lib/gcc/arm-none-eabi/13.2.1/thumb/v8-m.main+fp/hard/crtn.o
                0x200c0000                        _estack = (ORIGIN (RAM) + LENGTH (RAM))
                0x00000200                        _Min_Heap_Size = 0x200
                0x00000400                        _Min_Stack_Size = 0x400

.isr_vector     0x08000000      0x238
                0x08000000                        . = ALIGN (0x8)
 *(.isr_vector)
 .isr_vector    0x08000000      0x238 CMakeFiles/test_10-04-2025_button-codetest.dir/startup_stm32u575xx.s.obj
                0x08000000                g_pfnVectors
                0x08000238                        . = ALIGN (0x8)

.text           0x08000238     0x6420
                0x08000238                        . = ALIGN (0x8)
 *(.text)
 .text          0x08000238       0x30 /usr/share/gcc-arm-none-eabi-13.2.rel1/bin/../lib/gcc/arm-none-eabi/13.2.1/thumb/v8-m.main+fp/hard/libgcc.a(_aeabi_uldivmod.o)
                0x08000238                __aeabi_uldivmod
 .text          0x08000268        0x4 /usr/share/gcc-arm-none-eabi-13.2.rel1/bin/../lib/gcc/arm-none-eabi/13.2.1/thumb/v8-m.main+fp/hard/libgcc.a(_dvmd_tls.o)
                0x08000268                __aeabi_ldiv0
                0x08000268                __aeabi_idiv0
 *(.text*)
 .text.deregister_tm_clones
                0x0800026c       0x1c /usr/share/gcc-arm-none-eabi-13.2.rel1/bin/../lib/gcc/arm-none-eabi/13.2.1/thumb/v8-m.main+fp/hard/crtbegin.o
 .text.register_tm_clones
                0x08000288       0x28 /usr/share/gcc-arm-none-eabi-13.2.rel1/bin/../lib/gcc/arm-none-eabi/13.2.1/thumb/v8-m.main+fp/hard/crtbegin.o
 .text.__do_global_dtors_aux
                0x080002b0       0x28 /usr/share/gcc-arm-none-eabi-13.2.rel1/bin/../lib/gcc/arm-none-eabi/13.2.1/thumb/v8-m.main+fp/hard/crtbegin.o
 .text.frame_dummy
                0x080002d8       0x24 /usr/share/gcc-arm-none-eabi-13.2.rel1/bin/../lib/gcc/arm-none-eabi/13.2.1/thumb/v8-m.main+fp/hard/crtbegin.o
 .text.__libc_init_array
                0x080002fc       0x48 /usr/share/gcc-arm-none-eabi-13.2.rel1/bin/../lib/gcc/arm-none-eabi/13.2.1/../../../../arm-none-eabi/lib/thumb/v8-m.main+fp/hard/libc_nano.a(libc_a-init.o)
                0x080002fc                __libc_init_array
 .text.memset   0x08000344       0x10 /usr/share/gcc-arm-none-eabi-13.2.rel1/bin/../lib/gcc/arm-none-eabi/13.2.1/../../../../arm-none-eabi/lib/thumb/v8-m.main+fp/hard/libc_nano.a(libc_a-memset.o)
                0x08000344                memset
 .text.SystemInit
                0x08000354       0x70 cmake/stm32cubemx/CMakeFiles/STM32_Drivers.dir/__/__/Core/Src/system_stm32u5xx.c.obj
                0x08000354                SystemInit
 .text.__NVIC_SetPriorityGrouping
                0x080003c4       0x48 cmake/stm32cubemx/CMakeFiles/STM32_Drivers.dir/__/__/Drivers/STM32U5xx_HAL_Driver/Src/stm32u5xx_hal_cortex.c.obj
 .text.__NVIC_GetPriorityGrouping
                0x0800040c       0x1c cmake/stm32cubemx/CMakeFiles/STM32_Drivers.dir/__/__/Drivers/STM32U5xx_HAL_Driver/Src/stm32u5xx_hal_cortex.c.obj
 .text.__NVIC_EnableIRQ
                0x08000428       0x3c cmake/stm32cubemx/CMakeFiles/STM32_Drivers.dir/__/__/Drivers/STM32U5xx_HAL_Driver/Src/stm32u5xx_hal_cortex.c.obj
 .text.__NVIC_SetPriority
                0x08000464       0x54 cmake/stm32cubemx/CMakeFiles/STM32_Drivers.dir/__/__/Drivers/STM32U5xx_HAL_Driver/Src/stm32u5xx_hal_cortex.c.obj
 .text.NVIC_EncodePriority
                0x080004b8       0x66 cmake/stm32cubemx/CMakeFiles/STM32_Drivers.dir/__/__/Drivers/STM32U5xx_HAL_Driver/Src/stm32u5xx_hal_cortex.c.obj
 .text.HAL_NVIC_SetPriorityGrouping
                0x0800051e       0x16 cmake/stm32cubemx/CMakeFiles/STM32_Drivers.dir/__/__/Drivers/STM32U5xx_HAL_Driver/Src/stm32u5xx_hal_cortex.c.obj
                0x0800051e                HAL_NVIC_SetPriorityGrouping
 .text.HAL_NVIC_SetPriority
                0x08000534       0x34 cmake/stm32cubemx/CMakeFiles/STM32_Drivers.dir/__/__/Drivers/STM32U5xx_HAL_Driver/Src/stm32u5xx_hal_cortex.c.obj
                0x08000534                HAL_NVIC_SetPriority
 .text.HAL_NVIC_EnableIRQ
                0x08000568       0x1c cmake/stm32cubemx/CMakeFiles/STM32_Drivers.dir/__/__/Drivers/STM32U5xx_HAL_Driver/Src/stm32u5xx_hal_cortex.c.obj
                0x08000568                HAL_NVIC_EnableIRQ
 .text.HAL_SYSTICK_Config
                0x08000584       0x44 cmake/stm32cubemx/CMakeFiles/STM32_Drivers.dir/__/__/Drivers/STM32U5xx_HAL_Driver/Src/stm32u5xx_hal_cortex.c.obj
                0x08000584                HAL_SYSTICK_Config
 .text.HAL_SYSTICK_CLKSourceConfig
                0x080005c8       0xb0 cmake/stm32cubemx/CMakeFiles/STM32_Drivers.dir/__/__/Drivers/STM32U5xx_HAL_Driver/Src/stm32u5xx_hal_cortex.c.obj
                0x080005c8                HAL_SYSTICK_CLKSourceConfig
 .text.HAL_SYSTICK_GetCLKSourceConfig
                0x08000678       0x74 cmake/stm32cubemx/CMakeFiles/STM32_Drivers.dir/__/__/Drivers/STM32U5xx_HAL_Driver/Src/stm32u5xx_hal_cortex.c.obj
                0x08000678                HAL_SYSTICK_GetCLKSourceConfig
 .text.HAL_Init
                0x080006ec       0x60 cmake/stm32cubemx/CMakeFiles/STM32_Drivers.dir/__/__/Drivers/STM32U5xx_HAL_Driver/Src/stm32u5xx_hal.c.obj
                0x080006ec                HAL_Init
 .text.HAL_InitTick
                0x0800074c       0xec cmake/stm32cubemx/CMakeFiles/STM32_Drivers.dir/__/__/Drivers/STM32U5xx_HAL_Driver/Src/stm32u5xx_hal.c.obj
                0x0800074c                HAL_InitTick
 .text.HAL_IncTick
                0x08000838       0x28 cmake/stm32cubemx/CMakeFiles/STM32_Drivers.dir/__/__/Drivers/STM32U5xx_HAL_Driver/Src/stm32u5xx_hal.c.obj
                0x08000838                HAL_IncTick
 .text.HAL_GetTick
                0x08000860       0x18 cmake/stm32cubemx/CMakeFiles/STM32_Drivers.dir/__/__/Drivers/STM32U5xx_HAL_Driver/Src/stm32u5xx_hal.c.obj
                0x08000860                HAL_GetTick
 .text.HAL_RCC_OscConfig
                0x08000878      0xdb8 cmake/stm32cubemx/CMakeFiles/STM32_Drivers.dir/__/__/Drivers/STM32U5xx_HAL_Driver/Src/stm32u5xx_hal_rcc.c.obj
                0x08000878                HAL_RCC_OscConfig
 .text.HAL_RCC_ClockConfig
                0x08001630      0x3e4 cmake/stm32cubemx/CMakeFiles/STM32_Drivers.dir/__/__/Drivers/STM32U5xx_HAL_Driver/Src/stm32u5xx_hal_rcc.c.obj
                0x08001630                HAL_RCC_ClockConfig
 .text.HAL_RCC_GetSysClockFreq
                0x08001a14      0x204 cmake/stm32cubemx/CMakeFiles/STM32_Drivers.dir/__/__/Drivers/STM32U5xx_HAL_Driver/Src/stm32u5xx_hal_rcc.c.obj
                0x08001a14                HAL_RCC_GetSysClockFreq
 .text.HAL_RCC_GetHCLKFreq
                0x08001c18       0x34 cmake/stm32cubemx/CMakeFiles/STM32_Drivers.dir/__/__/Drivers/STM32U5xx_HAL_Driver/Src/stm32u5xx_hal_rcc.c.obj
                0x08001c18                HAL_RCC_GetHCLKFreq
 .text.HAL_RCC_GetPCLK1Freq
                0x08001c4c       0x28 cmake/stm32cubemx/CMakeFiles/STM32_Drivers.dir/__/__/Drivers/STM32U5xx_HAL_Driver/Src/stm32u5xx_hal_rcc.c.obj
                0x08001c4c                HAL_RCC_GetPCLK1Freq
 .text.HAL_RCC_GetPCLK2Freq
                0x08001c74       0x28 cmake/stm32cubemx/CMakeFiles/STM32_Drivers.dir/__/__/Drivers/STM32U5xx_HAL_Driver/Src/stm32u5xx_hal_rcc.c.obj
                0x08001c74                HAL_RCC_GetPCLK2Freq
 .text.HAL_RCC_GetPCLK3Freq
                0x08001c9c       0x28 cmake/stm32cubemx/CMakeFiles/STM32_Drivers.dir/__/__/Drivers/STM32U5xx_HAL_Driver/Src/stm32u5xx_hal_rcc.c.obj
                0x08001c9c                HAL_RCC_GetPCLK3Freq
 .text.RCC_SetFlashLatencyFromMSIRange
                0x08001cc4      0x10c cmake/stm32cubemx/CMakeFiles/STM32_Drivers.dir/__/__/Drivers/STM32U5xx_HAL_Driver/Src/stm32u5xx_hal_rcc.c.obj
 .text.HAL_RCCEx_PeriphCLKConfig
                0x08001dd0      0xb48 cmake/stm32cubemx/CMakeFiles/STM32_Drivers.dir/__/__/Drivers/STM32U5xx_HAL_Driver/Src/stm32u5xx_hal_rcc_ex.c.obj
                0x08001dd0                HAL_RCCEx_PeriphCLKConfig
 .text.HAL_RCCEx_GetPLL1ClockFreq
                0x08002918      0x2b4 cmake/stm32cubemx/CMakeFiles/STM32_Drivers.dir/__/__/Drivers/STM32U5xx_HAL_Driver/Src/stm32u5xx_hal_rcc_ex.c.obj
                0x08002918                HAL_RCCEx_GetPLL1ClockFreq
 .text.HAL_RCCEx_GetPLL2ClockFreq
                0x08002bcc      0x2b4 cmake/stm32cubemx/CMakeFiles/STM32_Drivers.dir/__/__/Drivers/STM32U5xx_HAL_Driver/Src/stm32u5xx_hal_rcc_ex.c.obj
                0x08002bcc                HAL_RCCEx_GetPLL2ClockFreq
 .text.HAL_RCCEx_GetPLL3ClockFreq
                0x08002e80      0x2b4 cmake/stm32cubemx/CMakeFiles/STM32_Drivers.dir/__/__/Drivers/STM32U5xx_HAL_Driver/Src/stm32u5xx_hal_rcc_ex.c.obj
                0x08002e80                HAL_RCCEx_GetPLL3ClockFreq
 .text.HAL_RCCEx_GetPeriphCLKFreq
                0x08003134     0x136c cmake/stm32cubemx/CMakeFiles/STM32_Drivers.dir/__/__/Drivers/STM32U5xx_HAL_Driver/Src/stm32u5xx_hal_rcc_ex.c.obj
                0x08003134                HAL_RCCEx_GetPeriphCLKFreq
 .text.RCCEx_PLL2_Config
                0x080044a0      0x130 cmake/stm32cubemx/CMakeFiles/STM32_Drivers.dir/__/__/Drivers/STM32U5xx_HAL_Driver/Src/stm32u5xx_hal_rcc_ex.c.obj
 .text.RCCEx_PLL3_Config
                0x080045d0      0x130 cmake/stm32cubemx/CMakeFiles/STM32_Drivers.dir/__/__/Drivers/STM32U5xx_HAL_Driver/Src/stm32u5xx_hal_rcc_ex.c.obj
 .text.HAL_GPIO_Init
                0x08004700      0x3b0 cmake/stm32cubemx/CMakeFiles/STM32_Drivers.dir/__/__/Drivers/STM32U5xx_HAL_Driver/Src/stm32u5xx_hal_gpio.c.obj
                0x08004700                HAL_GPIO_Init
 .text.HAL_GPIO_ReadPin
                0x08004ab0       0x30 cmake/stm32cubemx/CMakeFiles/STM32_Drivers.dir/__/__/Drivers/STM32U5xx_HAL_Driver/Src/stm32u5xx_hal_gpio.c.obj
                0x08004ab0                HAL_GPIO_ReadPin
 .text.HAL_GPIO_WritePin
                0x08004ae0       0x30 cmake/stm32cubemx/CMakeFiles/STM32_Drivers.dir/__/__/Drivers/STM32U5xx_HAL_Driver/Src/stm32u5xx_hal_gpio.c.obj
                0x08004ae0                HAL_GPIO_WritePin
 .text.HAL_DMA_Abort
                0x08004b10       0xf8 cmake/stm32cubemx/CMakeFiles/STM32_Drivers.dir/__/__/Drivers/STM32U5xx_HAL_Driver/Src/stm32u5xx_hal_dma.c.obj
                0x08004b10                HAL_DMA_Abort
 .text.HAL_DMA_Abort_IT
                0x08004c08       0x52 cmake/stm32cubemx/CMakeFiles/STM32_Drivers.dir/__/__/Drivers/STM32U5xx_HAL_Driver/Src/stm32u5xx_hal_dma.c.obj
                0x08004c08                HAL_DMA_Abort_IT
 *fill*         0x08004c5a        0x2 
 .text.HAL_PWREx_ControlVoltageScaling
                0x08004c5c       0xfc cmake/stm32cubemx/CMakeFiles/STM32_Drivers.dir/__/__/Drivers/STM32U5xx_HAL_Driver/Src/stm32u5xx_hal_pwr_ex.c.obj
                0x08004c5c                HAL_PWREx_ControlVoltageScaling
 .text.HAL_PWREx_GetVoltageRange
                0x08004d58       0x1c cmake/stm32cubemx/CMakeFiles/STM32_Drivers.dir/__/__/Drivers/STM32U5xx_HAL_Driver/Src/stm32u5xx_hal_pwr_ex.c.obj
                0x08004d58                HAL_PWREx_GetVoltageRange
 .text.HAL_PWREx_EnableVddIO2
                0x08004d74       0x20 cmake/stm32cubemx/CMakeFiles/STM32_Drivers.dir/__/__/Drivers/STM32U5xx_HAL_Driver/Src/stm32u5xx_hal_pwr_ex.c.obj
                0x08004d74                HAL_PWREx_EnableVddIO2
 .text.HAL_UART_Init
                0x08004d94       0xa0 cmake/stm32cubemx/CMakeFiles/STM32_Drivers.dir/__/__/Drivers/STM32U5xx_HAL_Driver/Src/stm32u5xx_hal_uart.c.obj
                0x08004d94                HAL_UART_Init
 .text.HAL_UART_IRQHandler
                0x08004e34      0x5b0 cmake/stm32cubemx/CMakeFiles/STM32_Drivers.dir/__/__/Drivers/STM32U5xx_HAL_Driver/Src/stm32u5xx_hal_uart.c.obj
                0x08004e34                HAL_UART_IRQHandler
 .text.HAL_UART_TxCpltCallback
                0x080053e4       0x14 cmake/stm32cubemx/CMakeFiles/STM32_Drivers.dir/__/__/Drivers/STM32U5xx_HAL_Driver/Src/stm32u5xx_hal_uart.c.obj
                0x080053e4                HAL_UART_TxCpltCallback
 .text.HAL_UART_ErrorCallback
                0x080053f8       0x14 cmake/stm32cubemx/CMakeFiles/STM32_Drivers.dir/__/__/Drivers/STM32U5xx_HAL_Driver/Src/stm32u5xx_hal_uart.c.obj
                0x080053f8                HAL_UART_ErrorCallback
 .text.HAL_UARTEx_RxEventCallback
                0x0800540c       0x18 cmake/stm32cubemx/CMakeFiles/STM32_Drivers.dir/__/__/Drivers/STM32U5xx_HAL_Driver/Src/stm32u5xx_hal_uart.c.obj
                0x0800540c                HAL_UARTEx_RxEventCallback
 .text.UART_SetConfig
                0x08005424      0x344 cmake/stm32cubemx/CMakeFiles/STM32_Drivers.dir/__/__/Drivers/STM32U5xx_HAL_Driver/Src/stm32u5xx_hal_uart.c.obj
                0x08005424                UART_SetConfig
 .text.UART_AdvFeatureConfig
                0x08005768      0x144 cmake/stm32cubemx/CMakeFiles/STM32_Drivers.dir/__/__/Drivers/STM32U5xx_HAL_Driver/Src/stm32u5xx_hal_uart.c.obj
                0x08005768                UART_AdvFeatureConfig
 .text.UART_CheckIdleState
                0x080058ac      0x154 cmake/stm32cubemx/CMakeFiles/STM32_Drivers.dir/__/__/Drivers/STM32U5xx_HAL_Driver/Src/stm32u5xx_hal_uart.c.obj
                0x080058ac                UART_CheckIdleState
 .text.UART_WaitOnFlagUntilTimeout
                0x08005a00       0xda cmake/stm32cubemx/CMakeFiles/STM32_Drivers.dir/__/__/Drivers/STM32U5xx_HAL_Driver/Src/stm32u5xx_hal_uart.c.obj
                0x08005a00                UART_WaitOnFlagUntilTimeout
 .text.UART_EndRxTransfer
                0x08005ada       0xcc cmake/stm32cubemx/CMakeFiles/STM32_Drivers.dir/__/__/Drivers/STM32U5xx_HAL_Driver/Src/stm32u5xx_hal_uart.c.obj
 .text.UART_DMAAbortOnError
                0x08005ba6       0x24 cmake/stm32cubemx/CMakeFiles/STM32_Drivers.dir/__/__/Drivers/STM32U5xx_HAL_Driver/Src/stm32u5xx_hal_uart.c.obj
 .text.UART_EndTransmit_IT
                0x08005bca       0x56 cmake/stm32cubemx/CMakeFiles/STM32_Drivers.dir/__/__/Drivers/STM32U5xx_HAL_Driver/Src/stm32u5xx_hal_uart.c.obj
 .text.HAL_UARTEx_RxFifoFullCallback
                0x08005c20       0x14 cmake/stm32cubemx/CMakeFiles/STM32_Drivers.dir/__/__/Drivers/STM32U5xx_HAL_Driver/Src/stm32u5xx_hal_uart_ex.c.obj
                0x08005c20                HAL_UARTEx_RxFifoFullCallback
 .text.HAL_UARTEx_TxFifoEmptyCallback
                0x08005c34       0x14 cmake/stm32cubemx/CMakeFiles/STM32_Drivers.dir/__/__/Drivers/STM32U5xx_HAL_Driver/Src/stm32u5xx_hal_uart_ex.c.obj
                0x08005c34                HAL_UARTEx_TxFifoEmptyCallback
 .text.HAL_UARTEx_DisableFifoMode
                0x08005c48       0x72 cmake/stm32cubemx/CMakeFiles/STM32_Drivers.dir/__/__/Drivers/STM32U5xx_HAL_Driver/Src/stm32u5xx_hal_uart_ex.c.obj
                0x08005c48                HAL_UARTEx_DisableFifoMode
 .text.HAL_UARTEx_SetTxFifoThreshold
                0x08005cba       0x7c cmake/stm32cubemx/CMakeFiles/STM32_Drivers.dir/__/__/Drivers/STM32U5xx_HAL_Driver/Src/stm32u5xx_hal_uart_ex.c.obj
                0x08005cba                HAL_UARTEx_SetTxFifoThreshold
 .text.HAL_UARTEx_SetRxFifoThreshold
                0x08005d36       0x7c cmake/stm32cubemx/CMakeFiles/STM32_Drivers.dir/__/__/Drivers/STM32U5xx_HAL_Driver/Src/stm32u5xx_hal_uart_ex.c.obj
                0x08005d36                HAL_UARTEx_SetRxFifoThreshold
 *fill*         0x08005db2        0x2 
 .text.UARTEx_SetNbDataToProcess
                0x08005db4       0x9c cmake/stm32cubemx/CMakeFiles/STM32_Drivers.dir/__/__/Drivers/STM32U5xx_HAL_Driver/Src/stm32u5xx_hal_uart_ex.c.obj
 .text.main     0x08005e50       0x70 CMakeFiles/test_10-04-2025_button-codetest.dir/Core/Src/main.c.obj
                0x08005e50                main
 .text.SystemClock_Config
                0x08005ec0       0xb4 CMakeFiles/test_10-04-2025_button-codetest.dir/Core/Src/main.c.obj
                0x08005ec0                SystemClock_Config
 .text.MX_USART2_UART_Init
                0x08005f74       0x98 CMakeFiles/test_10-04-2025_button-codetest.dir/Core/Src/main.c.obj
 .text.MX_GPIO_Init
                0x0800600c      0x148 CMakeFiles/test_10-04-2025_button-codetest.dir/Core/Src/main.c.obj
 .text.Error_Handler
                0x08006154        0xc CMakeFiles/test_10-04-2025_button-codetest.dir/Core/Src/main.c.obj
                0x08006154                Error_Handler
 .text.NMI_Handler
                0x08006160        0x8 CMakeFiles/test_10-04-2025_button-codetest.dir/Core/Src/stm32u5xx_it.c.obj
                0x08006160                NMI_Handler
 .text.HardFault_Handler
                0x08006168        0x8 CMakeFiles/test_10-04-2025_button-codetest.dir/Core/Src/stm32u5xx_it.c.obj
                0x08006168                HardFault_Handler
 .text.MemManage_Handler
                0x08006170        0x8 CMakeFiles/test_10-04-2025_button-codetest.dir/Core/Src/stm32u5xx_it.c.obj
                0x08006170                MemManage_Handler
 .text.BusFault_Handler
                0x08006178        0x8 CMakeFiles/test_10-04-2025_button-codetest.dir/Core/Src/stm32u5xx_it.c.obj
                0x08006178                BusFault_Handler
 .text.UsageFault_Handler
                0x08006180        0x8 CMakeFiles/test_10-04-2025_button-codetest.dir/Core/Src/stm32u5xx_it.c.obj
                0x08006180                UsageFault_Handler
 .text.SVC_Handler
                0x08006188        0xe CMakeFiles/test_10-04-2025_button-codetest.dir/Core/Src/stm32u5xx_it.c.obj
                0x08006188                SVC_Handler
 .text.DebugMon_Handler
                0x08006196        0xe CMakeFiles/test_10-04-2025_button-codetest.dir/Core/Src/stm32u5xx_it.c.obj
                0x08006196                DebugMon_Handler
 .text.PendSV_Handler
                0x080061a4        0xe CMakeFiles/test_10-04-2025_button-codetest.dir/Core/Src/stm32u5xx_it.c.obj
                0x080061a4                PendSV_Handler
 .text.SysTick_Handler
                0x080061b2        0xc CMakeFiles/test_10-04-2025_button-codetest.dir/Core/Src/stm32u5xx_it.c.obj
                0x080061b2                SysTick_Handler
 *fill*         0x080061be        0x2 
 .text.USART2_IRQHandler
                0x080061c0       0x14 CMakeFiles/test_10-04-2025_button-codetest.dir/Core/Src/stm32u5xx_it.c.obj
                0x080061c0                USART2_IRQHandler
 .text.HAL_MspInit
                0x080061d4       0x34 CMakeFiles/test_10-04-2025_button-codetest.dir/Core/Src/stm32u5xx_hal_msp.c.obj
                0x080061d4                HAL_MspInit
 .text.HAL_UART_MspInit
                0x08006208       0xe0 CMakeFiles/test_10-04-2025_button-codetest.dir/Core/Src/stm32u5xx_hal_msp.c.obj
                0x08006208                HAL_UART_MspInit
 .text.Reset_Handler
                0x080062e8       0x50 CMakeFiles/test_10-04-2025_button-codetest.dir/startup_stm32u575xx.s.obj
                0x080062e8                Reset_Handler
 .text.Default_Handler
                0x08006338        0x2 CMakeFiles/test_10-04-2025_button-codetest.dir/startup_stm32u575xx.s.obj
                0x08006338                EXTI2_IRQHandler
                0x08006338                TIM8_TRG_COM_IRQHandler
                0x08006338                TIM8_CC_IRQHandler
                0x08006338                EXTI5_IRQHandler
                0x08006338                FLASH_S_IRQHandler
                0x08006338                EXTI13_IRQHandler
                0x08006338                TIM1_CC_IRQHandler
                0x08006338                TSC_IRQHandler
                0x08006338                TAMP_IRQHandler
                0x08006338                TIM6_IRQHandler
                0x08006338                EXTI12_IRQHandler
                0x08006338                CORDIC_IRQHandler
                0x08006338                EXTI3_IRQHandler
                0x08006338                LPTIM4_IRQHandler
                0x08006338                GPDMA1_Channel5_IRQHandler
                0x08006338                EXTI8_IRQHandler
                0x08006338                LPTIM2_IRQHandler
                0x08006338                I2C3_ER_IRQHandler
                0x08006338                PWR_S3WU_IRQHandler
                0x08006338                MDF1_FLT2_IRQHandler
                0x08006338                LPDMA1_Channel3_IRQHandler
                0x08006338                LPTIM3_IRQHandler
                0x08006338                EXTI0_IRQHandler
                0x08006338                I2C2_EV_IRQHandler
                0x08006338                FPU_IRQHandler
                0x08006338                GPDMA1_Channel3_IRQHandler
                0x08006338                GPDMA1_Channel7_IRQHandler
                0x08006338                MDF1_FLT4_IRQHandler
                0x08006338                FDCAN1_IT1_IRQHandler
                0x08006338                RAMCFG_IRQHandler
                0x08006338                GPDMA1_Channel9_IRQHandler
                0x08006338                DCACHE1_IRQHandler
                0x08006338                SPI1_IRQHandler
                0x08006338                OCTOSPI1_IRQHandler
                0x08006338                GPDMA1_Channel2_IRQHandler
                0x08006338                TIM8_UP_IRQHandler
                0x08006338                RCC_S_IRQHandler
                0x08006338                OCTOSPI2_IRQHandler
                0x08006338                SAI2_IRQHandler
                0x08006338                MDF1_FLT1_IRQHandler
                0x08006338                ADC1_IRQHandler
                0x08006338                MDF1_FLT5_IRQHandler
                0x08006338                EXTI15_IRQHandler
                0x08006338                TIM17_IRQHandler
                0x08006338                USART3_IRQHandler
                0x08006338                RTC_IRQHandler
                0x08006338                EXTI9_IRQHandler
                0x08006338                UART5_IRQHandler
                0x08006338                TIM4_IRQHandler
                0x08006338                I2C1_EV_IRQHandler
                0x08006338                GPDMA1_Channel12_IRQHandler
                0x08006338                GPDMA1_Channel1_IRQHandler
                0x08006338                TIM16_IRQHandler
                0x08006338                GPDMA1_Channel15_IRQHandler
                0x08006338                UART4_IRQHandler
                0x08006338                SecureFault_Handler
                0x08006338                TIM3_IRQHandler
                0x08006338                RCC_IRQHandler
                0x08006338                TIM1_TRG_COM_IRQHandler
                0x08006338                Default_Handler
                0x08006338                GPDMA1_Channel8_IRQHandler
                0x08006338                FMAC_IRQHandler
                0x08006338                GPDMA1_Channel11_IRQHandler
                0x08006338                TIM7_IRQHandler
                0x08006338                SDMMC1_IRQHandler
                0x08006338                TIM5_IRQHandler
                0x08006338                UCPD1_IRQHandler
                0x08006338                GPDMA1_Channel0_IRQHandler
                0x08006338                TIM15_IRQHandler
                0x08006338                I2C3_EV_IRQHandler
                0x08006338                LPDMA1_Channel0_IRQHandler
                0x08006338                PVD_PVM_IRQHandler
                0x08006338                SPI2_IRQHandler
                0x08006338                LPDMA1_Channel1_IRQHandler
                0x08006338                EXTI14_IRQHandler
                0x08006338                EXTI11_IRQHandler
                0x08006338                CRS_IRQHandler
                0x08006338                GPDMA1_Channel14_IRQHandler
                0x08006338                LSECSSD_IRQHandler
                0x08006338                EXTI4_IRQHandler
                0x08006338                RTC_S_IRQHandler
                0x08006338                GPDMA1_Channel13_IRQHandler
                0x08006338                RNG_IRQHandler
                0x08006338                COMP_IRQHandler
                0x08006338                TIM1_UP_IRQHandler
                0x08006338                ADC4_IRQHandler
                0x08006338                WWDG_IRQHandler
                0x08006338                I2C4_EV_IRQHandler
                0x08006338                ADF1_IRQHandler
                0x08006338                IWDG_IRQHandler
                0x08006338                LPUART1_IRQHandler
                0x08006338                MDF1_FLT0_IRQHandler
                0x08006338                FDCAN1_IT0_IRQHandler
                0x08006338                TIM2_IRQHandler
                0x08006338                GPDMA1_Channel4_IRQHandler
                0x08006338                EXTI7_IRQHandler
                0x08006338                DMA2D_IRQHandler
                0x08006338                TIM1_BRK_IRQHandler
                0x08006338                EXTI1_IRQHandler
                0x08006338                SDMMC2_IRQHandler
                0x08006338                DAC1_IRQHandler
                0x08006338                GTZC_IRQHandler
                0x08006338                MDF1_FLT3_IRQHandler
                0x08006338                GPDMA1_Channel6_IRQHandler
                0x08006338                I2C2_ER_IRQHandler
                0x08006338                TIM8_BRK_IRQHandler
                0x08006338                FLASH_IRQHandler
                0x08006338                USART1_IRQHandler
                0x08006338                EXTI10_IRQHandler
                0x08006338                OTG_FS_IRQHandler
                0x08006338                SPI3_IRQHandler
                0x08006338                LPDMA1_Channel2_IRQHandler
                0x08006338                I2C1_ER_IRQHandler
                0x08006338                FMC_IRQHandler
                0x08006338                EXTI6_IRQHandler
                0x08006338                LPTIM1_IRQHandler
                0x08006338                DCMI_PSSI_IRQHandler
                0x08006338                I2C4_ER_IRQHandler
                0x08006338                GPDMA1_Channel10_IRQHandler
                0x08006338                ICACHE_IRQHandler
                0x08006338                SAI1_IRQHandler
                0x08006338                HASH_IRQHandler
 *fill*         0x0800633a        0x2 
 .text.__udivmoddi4
                0x0800633c      0x300 /usr/share/gcc-arm-none-eabi-13.2.rel1/bin/../lib/gcc/arm-none-eabi/13.2.1/thumb/v8-m.main+fp/hard/libgcc.a(_udivmoddi4.o)
                0x0800633c                __udivmoddi4
 *(.glue_7)
 .glue_7        0x0800663c        0x0 linker stubs
 *(.glue_7t)
 .glue_7t       0x0800663c        0x0 linker stubs
 *(.eh_frame)
 .eh_frame      0x0800663c        0x0 /usr/share/gcc-arm-none-eabi-13.2.rel1/bin/../lib/gcc/arm-none-eabi/13.2.1/thumb/v8-m.main+fp/hard/crtbegin.o
 *(.init)
 .init          0x0800663c        0x4 /usr/share/gcc-arm-none-eabi-13.2.rel1/bin/../lib/gcc/arm-none-eabi/13.2.1/thumb/v8-m.main+fp/hard/crti.o
                0x0800663c                _init
 .init          0x08006640        0x8 /usr/share/gcc-arm-none-eabi-13.2.rel1/bin/../lib/gcc/arm-none-eabi/13.2.1/thumb/v8-m.main+fp/hard/crtn.o
 *(.fini)
 .fini          0x08006648        0x4 /usr/share/gcc-arm-none-eabi-13.2.rel1/bin/../lib/gcc/arm-none-eabi/13.2.1/thumb/v8-m.main+fp/hard/crti.o
                0x08006648                _fini
 .fini          0x0800664c        0x8 /usr/share/gcc-arm-none-eabi-13.2.rel1/bin/../lib/gcc/arm-none-eabi/13.2.1/thumb/v8-m.main+fp/hard/crtn.o
                0x08006658                        . = ALIGN (0x8)
 *fill*         0x08006654        0x4 
                0x08006658                        _etext = .

.vfp11_veneer   0x08006658        0x0
 .vfp11_veneer  0x08006658        0x0 linker stubs

.v4_bx          0x08006658        0x0
 .v4_bx         0x08006658        0x0 linker stubs

.iplt           0x08006658        0x0
 .iplt          0x08006658        0x0 /usr/share/gcc-arm-none-eabi-13.2.rel1/bin/../lib/gcc/arm-none-eabi/13.2.1/thumb/v8-m.main+fp/hard/crtbegin.o

.rodata         0x08006658      0x100
                0x08006658                        . = ALIGN (0x8)
 *(.rodata)
 *(.rodata*)
 .rodata.AHBPrescTable
                0x08006658       0x10 cmake/stm32cubemx/CMakeFiles/STM32_Drivers.dir/__/__/Core/Src/system_stm32u5xx.c.obj
                0x08006658                AHBPrescTable
 .rodata.APBPrescTable
                0x08006668        0x8 cmake/stm32cubemx/CMakeFiles/STM32_Drivers.dir/__/__/Core/Src/system_stm32u5xx.c.obj
                0x08006668                APBPrescTable
 .rodata.MSIRangeTable
                0x08006670       0x40 cmake/stm32cubemx/CMakeFiles/STM32_Drivers.dir/__/__/Core/Src/system_stm32u5xx.c.obj
                0x08006670                MSIRangeTable
 .rodata.LPGPIO_Map
                0x080066b0       0x80 cmake/stm32cubemx/CMakeFiles/STM32_Drivers.dir/__/__/Drivers/STM32U5xx_HAL_Driver/Src/stm32u5xx_hal_gpio.c.obj
 .rodata.UARTPrescTable
                0x08006730       0x18 cmake/stm32cubemx/CMakeFiles/STM32_Drivers.dir/__/__/Drivers/STM32U5xx_HAL_Driver/Src/stm32u5xx_hal_uart.c.obj
                0x08006730                UARTPrescTable
 .rodata.numerator.1
                0x08006748        0x8 cmake/stm32cubemx/CMakeFiles/STM32_Drivers.dir/__/__/Drivers/STM32U5xx_HAL_Driver/Src/stm32u5xx_hal_uart_ex.c.obj
 .rodata.denominator.0
                0x08006750        0x8 cmake/stm32cubemx/CMakeFiles/STM32_Drivers.dir/__/__/Drivers/STM32U5xx_HAL_Driver/Src/stm32u5xx_hal_uart_ex.c.obj
                0x08006758                        . = ALIGN (0x8)

.ARM.extab      0x08006758        0x0
                0x08006758                        . = ALIGN (0x8)
 *(.ARM.extab* .gnu.linkonce.armextab.*)
                0x08006758                        . = ALIGN (0x8)

.ARM            0x08006758        0x8
                0x08006758                        . = ALIGN (0x8)
                0x08006758                        __exidx_start = .
 *(.ARM.exidx*)
 .ARM.exidx.text.__udivmoddi4
                0x08006758        0x8 /usr/share/gcc-arm-none-eabi-13.2.rel1/bin/../lib/gcc/arm-none-eabi/13.2.1/thumb/v8-m.main+fp/hard/libgcc.a(_udivmoddi4.o)
                0x08006760                        __exidx_end = .
                0x08006760                        . = ALIGN (0x8)

.preinit_array  0x08006760        0x0
                0x08006760                        . = ALIGN (0x8)
                0x08006760                        PROVIDE (__preinit_array_start = .)
 *(.preinit_array*)
                0x08006760                        PROVIDE (__preinit_array_end = .)
                0x08006760                        . = ALIGN (0x8)

.init_array     0x08006760        0x8
                0x08006760                        . = ALIGN (0x8)
                0x08006760                        PROVIDE (__init_array_start = .)
 *(SORT_BY_NAME(.init_array.*))
 *(.init_array*)
 .init_array    0x08006760        0x4 /usr/share/gcc-arm-none-eabi-13.2.rel1/bin/../lib/gcc/arm-none-eabi/13.2.1/thumb/v8-m.main+fp/hard/crtbegin.o
                0x08006764                        PROVIDE (__init_array_end = .)
                0x08006768                        . = ALIGN (0x8)
 *fill*         0x08006764        0x4 

.fini_array     0x08006768        0x8
                0x08006768                        . = ALIGN (0x8)
                [!provide]                        PROVIDE (__fini_array_start = .)
 *(SORT_BY_NAME(.fini_array.*))
 *(.fini_array*)
 .fini_array    0x08006768        0x4 /usr/share/gcc-arm-none-eabi-13.2.rel1/bin/../lib/gcc/arm-none-eabi/13.2.1/thumb/v8-m.main+fp/hard/crtbegin.o
                [!provide]                        PROVIDE (__fini_array_end = .)
                0x08006770                        . = ALIGN (0x8)
 *fill*         0x0800676c        0x4 
                0x08006770                        _sidata = LOADADDR (.data)

.rel.dyn        0x08006770        0x0
 .rel.iplt      0x08006770        0x0 /usr/share/gcc-arm-none-eabi-13.2.rel1/bin/../lib/gcc/arm-none-eabi/13.2.1/thumb/v8-m.main+fp/hard/crtbegin.o

.data           0x20000000       0x10 load address 0x08006770
                0x20000000                        . = ALIGN (0x8)
                0x20000000                        _sdata = .
 *(.data)
 *(.data*)
 .data.SystemCoreClock
                0x20000000        0x4 cmake/stm32cubemx/CMakeFiles/STM32_Drivers.dir/__/__/Core/Src/system_stm32u5xx.c.obj
                0x20000000                SystemCoreClock
 .data.uwTickPrio
                0x20000004        0x4 cmake/stm32cubemx/CMakeFiles/STM32_Drivers.dir/__/__/Drivers/STM32U5xx_HAL_Driver/Src/stm32u5xx_hal.c.obj
                0x20000004                uwTickPrio
 .data.uwTickFreq
                0x20000008        0x1 cmake/stm32cubemx/CMakeFiles/STM32_Drivers.dir/__/__/Drivers/STM32U5xx_HAL_Driver/Src/stm32u5xx_hal.c.obj
                0x20000008                uwTickFreq
                0x20000010                        . = ALIGN (0x8)
 *fill*         0x20000009        0x7 
                0x20000010                        _edata = .

.tm_clone_table
                0x20000010        0x0 load address 0x08006780
 .tm_clone_table
                0x20000010        0x0 /usr/share/gcc-arm-none-eabi-13.2.rel1/bin/../lib/gcc/arm-none-eabi/13.2.1/thumb/v8-m.main+fp/hard/crtbegin.o
 .tm_clone_table
                0x20000010        0x0 /usr/share/gcc-arm-none-eabi-13.2.rel1/bin/../lib/gcc/arm-none-eabi/13.2.1/thumb/v8-m.main+fp/hard/crtend.o

.igot.plt       0x20000010        0x0 load address 0x08006780
 .igot.plt      0x20000010        0x0 /usr/share/gcc-arm-none-eabi-13.2.rel1/bin/../lib/gcc/arm-none-eabi/13.2.1/thumb/v8-m.main+fp/hard/crtbegin.o
                0x20000010                        . = ALIGN (0x8)

.bss            0x20000010      0x108 load address 0x08006780
                0x20000010                        _sbss = .
                0x20000010                        __bss_start__ = _sbss
 *(.bss)
 *(.bss*)
 .bss.completed.1
                0x20000010        0x1 /usr/share/gcc-arm-none-eabi-13.2.rel1/bin/../lib/gcc/arm-none-eabi/13.2.1/thumb/v8-m.main+fp/hard/crtbegin.o
 *fill*         0x20000011        0x3 
 .bss.object.0  0x20000014       0x18 /usr/share/gcc-arm-none-eabi-13.2.rel1/bin/../lib/gcc/arm-none-eabi/13.2.1/thumb/v8-m.main+fp/hard/crtbegin.o
 .bss.uwTick    0x2000002c        0x4 cmake/stm32cubemx/CMakeFiles/STM32_Drivers.dir/__/__/Drivers/STM32U5xx_HAL_Driver/Src/stm32u5xx_hal.c.obj
                0x2000002c                uwTick
 .bss.Init_BLUE_LED
                0x20000030       0x14 CMakeFiles/test_10-04-2025_button-codetest.dir/Core/Src/main.c.obj
                0x20000030                Init_BLUE_LED
 .bss.Init_RED_LED
                0x20000044       0x14 CMakeFiles/test_10-04-2025_button-codetest.dir/Core/Src/main.c.obj
                0x20000044                Init_RED_LED
 .bss.Init_GREEN_LED
                0x20000058       0x14 CMakeFiles/test_10-04-2025_button-codetest.dir/Core/Src/main.c.obj
                0x20000058                Init_GREEN_LED
 .bss.Init_Button
                0x2000006c       0x14 CMakeFiles/test_10-04-2025_button-codetest.dir/Core/Src/main.c.obj
                0x2000006c                Init_Button
 .bss.huart2    0x20000080       0x94 CMakeFiles/test_10-04-2025_button-codetest.dir/Core/Src/main.c.obj
                0x20000080                huart2
 *(COMMON)
                0x20000118                        . = ALIGN (0x8)
 *fill*         0x20000114        0x4 
                0x20000118                        _ebss = .
                0x20000118                        __bss_end__ = _ebss

._user_heap_stack
                0x20000118      0x600 load address 0x08006780
                0x20000118                        . = ALIGN (0x8)
                [!provide]                        PROVIDE (end = .)
                0x20000118                        PROVIDE (_end = .)
                0x20000318                        . = (. + _Min_Heap_Size)
 *fill*         0x20000118      0x200 
                0x20000718                        . = (. + _Min_Stack_Size)
 *fill*         0x20000318      0x400 
                0x20000718                        . = ALIGN (0x8)

/DISCARD/
 libc.a(*)
 libm.a(*)
 libgcc.a(*)

.ARM.attributes
                0x00000000       0x36
 *(.ARM.attributes)
 .ARM.attributes
                0x00000000       0x26 /usr/share/gcc-arm-none-eabi-13.2.rel1/bin/../lib/gcc/arm-none-eabi/13.2.1/thumb/v8-m.main+fp/hard/crti.o
 .ARM.attributes
                0x00000026       0x38 /usr/share/gcc-arm-none-eabi-13.2.rel1/bin/../lib/gcc/arm-none-eabi/13.2.1/thumb/v8-m.main+fp/hard/crtbegin.o
 .ARM.attributes
                0x0000005e       0x38 /usr/share/gcc-arm-none-eabi-13.2.rel1/bin/../lib/gcc/arm-none-eabi/13.2.1/../../../../arm-none-eabi/lib/thumb/v8-m.main+fp/hard/libc_nano.a(libc_a-init.o)
 .ARM.attributes
                0x00000096       0x38 /usr/share/gcc-arm-none-eabi-13.2.rel1/bin/../lib/gcc/arm-none-eabi/13.2.1/../../../../arm-none-eabi/lib/thumb/v8-m.main+fp/hard/libc_nano.a(libc_a-memset.o)
 .ARM.attributes
                0x000000ce       0x3a cmake/stm32cubemx/CMakeFiles/STM32_Drivers.dir/__/__/Core/Src/system_stm32u5xx.c.obj
 .ARM.attributes
                0x00000108       0x3a cmake/stm32cubemx/CMakeFiles/STM32_Drivers.dir/__/__/Drivers/STM32U5xx_HAL_Driver/Src/stm32u5xx_hal_cortex.c.obj
 .ARM.attributes
                0x00000142       0x3a cmake/stm32cubemx/CMakeFiles/STM32_Drivers.dir/__/__/Drivers/STM32U5xx_HAL_Driver/Src/stm32u5xx_hal.c.obj
 .ARM.attributes
                0x0000017c       0x3a cmake/stm32cubemx/CMakeFiles/STM32_Drivers.dir/__/__/Drivers/STM32U5xx_HAL_Driver/Src/stm32u5xx_hal_rcc.c.obj
 .ARM.attributes
                0x000001b6       0x3a cmake/stm32cubemx/CMakeFiles/STM32_Drivers.dir/__/__/Drivers/STM32U5xx_HAL_Driver/Src/stm32u5xx_hal_rcc_ex.c.obj
 .ARM.attributes
                0x000001f0       0x3a cmake/stm32cubemx/CMakeFiles/STM32_Drivers.dir/__/__/Drivers/STM32U5xx_HAL_Driver/Src/stm32u5xx_hal_gpio.c.obj
 .ARM.attributes
                0x0000022a       0x3a cmake/stm32cubemx/CMakeFiles/STM32_Drivers.dir/__/__/Drivers/STM32U5xx_HAL_Driver/Src/stm32u5xx_hal_dma.c.obj
 .ARM.attributes
                0x00000264       0x3a cmake/stm32cubemx/CMakeFiles/STM32_Drivers.dir/__/__/Drivers/STM32U5xx_HAL_Driver/Src/stm32u5xx_hal_pwr_ex.c.obj
 .ARM.attributes
                0x0000029e       0x3a cmake/stm32cubemx/CMakeFiles/STM32_Drivers.dir/__/__/Drivers/STM32U5xx_HAL_Driver/Src/stm32u5xx_hal_uart.c.obj
 .ARM.attributes
                0x000002d8       0x3a cmake/stm32cubemx/CMakeFiles/STM32_Drivers.dir/__/__/Drivers/STM32U5xx_HAL_Driver/Src/stm32u5xx_hal_uart_ex.c.obj
 .ARM.attributes
                0x00000312       0x3a CMakeFiles/test_10-04-2025_button-codetest.dir/Core/Src/main.c.obj
 .ARM.attributes
                0x0000034c       0x3a CMakeFiles/test_10-04-2025_button-codetest.dir/Core/Src/stm32u5xx_it.c.obj
 .ARM.attributes
                0x00000386       0x3a CMakeFiles/test_10-04-2025_button-codetest.dir/Core/Src/stm32u5xx_hal_msp.c.obj
 .ARM.attributes
                0x000003c0       0x24 CMakeFiles/test_10-04-2025_button-codetest.dir/startup_stm32u575xx.s.obj
 .ARM.attributes
                0x000003e4       0x26 /usr/share/gcc-arm-none-eabi-13.2.rel1/bin/../lib/gcc/arm-none-eabi/13.2.1/thumb/v8-m.main+fp/hard/libgcc.a(_aeabi_uldivmod.o)
 .ARM.attributes
                0x0000040a       0x38 /usr/share/gcc-arm-none-eabi-13.2.rel1/bin/../lib/gcc/arm-none-eabi/13.2.1/thumb/v8-m.main+fp/hard/libgcc.a(_udivmoddi4.o)
 .ARM.attributes
                0x00000442       0x26 /usr/share/gcc-arm-none-eabi-13.2.rel1/bin/../lib/gcc/arm-none-eabi/13.2.1/thumb/v8-m.main+fp/hard/libgcc.a(_dvmd_tls.o)
 .ARM.attributes
                0x00000468       0x38 /usr/share/gcc-arm-none-eabi-13.2.rel1/bin/../lib/gcc/arm-none-eabi/13.2.1/thumb/v8-m.main+fp/hard/crtend.o
 .ARM.attributes
                0x000004a0       0x26 /usr/share/gcc-arm-none-eabi-13.2.rel1/bin/../lib/gcc/arm-none-eabi/13.2.1/thumb/v8-m.main+fp/hard/crtn.o
OUTPUT(test_10-04-2025_button-codetest.elf elf32-littlearm)
LOAD linker stubs
LOAD /usr/share/gcc-arm-none-eabi-13.2.rel1/bin/../lib/gcc/arm-none-eabi/13.2.1/../../../../arm-none-eabi/lib/thumb/v8-m.main+fp/hard/libc.a
LOAD /usr/share/gcc-arm-none-eabi-13.2.rel1/bin/../lib/gcc/arm-none-eabi/13.2.1/../../../../arm-none-eabi/lib/thumb/v8-m.main+fp/hard/libm.a
LOAD /usr/share/gcc-arm-none-eabi-13.2.rel1/bin/../lib/gcc/arm-none-eabi/13.2.1/thumb/v8-m.main+fp/hard/libgcc.a

.debug_frame    0x00000000     0x309c
 .debug_frame   0x00000000       0x2c /usr/share/gcc-arm-none-eabi-13.2.rel1/bin/../lib/gcc/arm-none-eabi/13.2.1/../../../../arm-none-eabi/lib/thumb/v8-m.main+fp/hard/libc_nano.a(libc_a-init.o)
 .debug_frame   0x0000002c       0x20 /usr/share/gcc-arm-none-eabi-13.2.rel1/bin/../lib/gcc/arm-none-eabi/13.2.1/../../../../arm-none-eabi/lib/thumb/v8-m.main+fp/hard/libc_nano.a(libc_a-memset.o)
 .debug_frame   0x0000004c       0x58 cmake/stm32cubemx/CMakeFiles/STM32_Drivers.dir/__/__/Core/Src/system_stm32u5xx.c.obj
 .debug_frame   0x000000a4      0x560 cmake/stm32cubemx/CMakeFiles/STM32_Drivers.dir/__/__/Drivers/STM32U5xx_HAL_Driver/Src/stm32u5xx_hal_cortex.c.obj
 .debug_frame   0x00000604      0x500 cmake/stm32cubemx/CMakeFiles/STM32_Drivers.dir/__/__/Drivers/STM32U5xx_HAL_Driver/Src/stm32u5xx_hal.c.obj
 .debug_frame   0x00000b04      0x288 cmake/stm32cubemx/CMakeFiles/STM32_Drivers.dir/__/__/Drivers/STM32U5xx_HAL_Driver/Src/stm32u5xx_hal_rcc.c.obj
 .debug_frame   0x00000d8c      0x5f0 cmake/stm32cubemx/CMakeFiles/STM32_Drivers.dir/__/__/Drivers/STM32U5xx_HAL_Driver/Src/stm32u5xx_hal_rcc_ex.c.obj
 .debug_frame   0x0000137c      0x1ec cmake/stm32cubemx/CMakeFiles/STM32_Drivers.dir/__/__/Drivers/STM32U5xx_HAL_Driver/Src/stm32u5xx_hal_gpio.c.obj
 .debug_frame   0x00001568      0x2a0 cmake/stm32cubemx/CMakeFiles/STM32_Drivers.dir/__/__/Drivers/STM32U5xx_HAL_Driver/Src/stm32u5xx_hal_dma.c.obj
 .debug_frame   0x00001808      0x84c cmake/stm32cubemx/CMakeFiles/STM32_Drivers.dir/__/__/Drivers/STM32U5xx_HAL_Driver/Src/stm32u5xx_hal_pwr_ex.c.obj
 .debug_frame   0x00002054      0xa84 cmake/stm32cubemx/CMakeFiles/STM32_Drivers.dir/__/__/Drivers/STM32U5xx_HAL_Driver/Src/stm32u5xx_hal_uart.c.obj
 .debug_frame   0x00002ad8      0x314 cmake/stm32cubemx/CMakeFiles/STM32_Drivers.dir/__/__/Drivers/STM32U5xx_HAL_Driver/Src/stm32u5xx_hal_uart_ex.c.obj
 .debug_frame   0x00002dec       0xac CMakeFiles/test_10-04-2025_button-codetest.dir/Core/Src/main.c.obj
 .debug_frame   0x00002e98      0x120 CMakeFiles/test_10-04-2025_button-codetest.dir/Core/Src/stm32u5xx_it.c.obj
 .debug_frame   0x00002fb8       0x80 CMakeFiles/test_10-04-2025_button-codetest.dir/Core/Src/stm32u5xx_hal_msp.c.obj
 .debug_frame   0x00003038       0x2c /usr/share/gcc-arm-none-eabi-13.2.rel1/bin/../lib/gcc/arm-none-eabi/13.2.1/thumb/v8-m.main+fp/hard/libgcc.a(_aeabi_uldivmod.o)
 .debug_frame   0x00003064       0x38 /usr/share/gcc-arm-none-eabi-13.2.rel1/bin/../lib/gcc/arm-none-eabi/13.2.1/thumb/v8-m.main+fp/hard/libgcc.a(_udivmoddi4.o)

.debug_info     0x00000000     0xfd26
 .debug_info    0x00000000      0x929 cmake/stm32cubemx/CMakeFiles/STM32_Drivers.dir/__/__/Core/Src/system_stm32u5xx.c.obj
 .debug_info    0x00000929     0x163a cmake/stm32cubemx/CMakeFiles/STM32_Drivers.dir/__/__/Drivers/STM32U5xx_HAL_Driver/Src/stm32u5xx_hal_cortex.c.obj
 .debug_info    0x00001f63     0x11dd cmake/stm32cubemx/CMakeFiles/STM32_Drivers.dir/__/__/Drivers/STM32U5xx_HAL_Driver/Src/stm32u5xx_hal.c.obj
 .debug_info    0x00003140     0x11f0 cmake/stm32cubemx/CMakeFiles/STM32_Drivers.dir/__/__/Drivers/STM32U5xx_HAL_Driver/Src/stm32u5xx_hal_rcc.c.obj
 .debug_info    0x00004330     0x157f cmake/stm32cubemx/CMakeFiles/STM32_Drivers.dir/__/__/Drivers/STM32U5xx_HAL_Driver/Src/stm32u5xx_hal_rcc_ex.c.obj
 .debug_info    0x000058af      0x859 cmake/stm32cubemx/CMakeFiles/STM32_Drivers.dir/__/__/Drivers/STM32U5xx_HAL_Driver/Src/stm32u5xx_hal_gpio.c.obj
 .debug_info    0x00006108      0xadc cmake/stm32cubemx/CMakeFiles/STM32_Drivers.dir/__/__/Drivers/STM32U5xx_HAL_Driver/Src/stm32u5xx_hal_dma.c.obj
 .debug_info    0x00006be4      0xe3e cmake/stm32cubemx/CMakeFiles/STM32_Drivers.dir/__/__/Drivers/STM32U5xx_HAL_Driver/Src/stm32u5xx_hal_pwr_ex.c.obj
 .debug_info    0x00007a22     0x4029 cmake/stm32cubemx/CMakeFiles/STM32_Drivers.dir/__/__/Drivers/STM32U5xx_HAL_Driver/Src/stm32u5xx_hal_uart.c.obj
 .debug_info    0x0000ba4b     0x11f0 cmake/stm32cubemx/CMakeFiles/STM32_Drivers.dir/__/__/Drivers/STM32U5xx_HAL_Driver/Src/stm32u5xx_hal_uart_ex.c.obj
 .debug_info    0x0000cc3b     0x1230 CMakeFiles/test_10-04-2025_button-codetest.dir/Core/Src/main.c.obj
 .debug_info    0x0000de6b      0x967 CMakeFiles/test_10-04-2025_button-codetest.dir/Core/Src/stm32u5xx_it.c.obj
 .debug_info    0x0000e7d2     0x1524 CMakeFiles/test_10-04-2025_button-codetest.dir/Core/Src/stm32u5xx_hal_msp.c.obj
 .debug_info    0x0000fcf6       0x30 CMakeFiles/test_10-04-2025_button-codetest.dir/startup_stm32u575xx.s.obj

.debug_abbrev   0x00000000     0x1e4b
 .debug_abbrev  0x00000000      0x129 cmake/stm32cubemx/CMakeFiles/STM32_Drivers.dir/__/__/Core/Src/system_stm32u5xx.c.obj
 .debug_abbrev  0x00000129      0x311 cmake/stm32cubemx/CMakeFiles/STM32_Drivers.dir/__/__/Drivers/STM32U5xx_HAL_Driver/Src/stm32u5xx_hal_cortex.c.obj
 .debug_abbrev  0x0000043a      0x2a5 cmake/stm32cubemx/CMakeFiles/STM32_Drivers.dir/__/__/Drivers/STM32U5xx_HAL_Driver/Src/stm32u5xx_hal.c.obj
 .debug_abbrev  0x000006df      0x2cb cmake/stm32cubemx/CMakeFiles/STM32_Drivers.dir/__/__/Drivers/STM32U5xx_HAL_Driver/Src/stm32u5xx_hal_rcc.c.obj
 .debug_abbrev  0x000009aa      0x23d cmake/stm32cubemx/CMakeFiles/STM32_Drivers.dir/__/__/Drivers/STM32U5xx_HAL_Driver/Src/stm32u5xx_hal_rcc_ex.c.obj
 .debug_abbrev  0x00000be7      0x25a cmake/stm32cubemx/CMakeFiles/STM32_Drivers.dir/__/__/Drivers/STM32U5xx_HAL_Driver/Src/stm32u5xx_hal_gpio.c.obj
 .debug_abbrev  0x00000e41      0x1ff cmake/stm32cubemx/CMakeFiles/STM32_Drivers.dir/__/__/Drivers/STM32U5xx_HAL_Driver/Src/stm32u5xx_hal_dma.c.obj
 .debug_abbrev  0x00001040      0x215 cmake/stm32cubemx/CMakeFiles/STM32_Drivers.dir/__/__/Drivers/STM32U5xx_HAL_Driver/Src/stm32u5xx_hal_pwr_ex.c.obj
 .debug_abbrev  0x00001255      0x305 cmake/stm32cubemx/CMakeFiles/STM32_Drivers.dir/__/__/Drivers/STM32U5xx_HAL_Driver/Src/stm32u5xx_hal_uart.c.obj
 .debug_abbrev  0x0000155a      0x2d4 cmake/stm32cubemx/CMakeFiles/STM32_Drivers.dir/__/__/Drivers/STM32U5xx_HAL_Driver/Src/stm32u5xx_hal_uart_ex.c.obj
 .debug_abbrev  0x0000182e      0x267 CMakeFiles/test_10-04-2025_button-codetest.dir/Core/Src/main.c.obj
 .debug_abbrev  0x00001a95      0x184 CMakeFiles/test_10-04-2025_button-codetest.dir/Core/Src/stm32u5xx_it.c.obj
 .debug_abbrev  0x00001c19      0x20e CMakeFiles/test_10-04-2025_button-codetest.dir/Core/Src/stm32u5xx_hal_msp.c.obj
 .debug_abbrev  0x00001e27       0x24 CMakeFiles/test_10-04-2025_button-codetest.dir/startup_stm32u575xx.s.obj

.debug_aranges  0x00000000      0xbd0
 .debug_aranges
                0x00000000       0x28 cmake/stm32cubemx/CMakeFiles/STM32_Drivers.dir/__/__/Core/Src/system_stm32u5xx.c.obj
 .debug_aranges
                0x00000028      0x140 cmake/stm32cubemx/CMakeFiles/STM32_Drivers.dir/__/__/Drivers/STM32U5xx_HAL_Driver/Src/stm32u5xx_hal_cortex.c.obj
 .debug_aranges
                0x00000168      0x148 cmake/stm32cubemx/CMakeFiles/STM32_Drivers.dir/__/__/Drivers/STM32U5xx_HAL_Driver/Src/stm32u5xx_hal.c.obj
 .debug_aranges
                0x000002b0       0xa8 cmake/stm32cubemx/CMakeFiles/STM32_Drivers.dir/__/__/Drivers/STM32U5xx_HAL_Driver/Src/stm32u5xx_hal_rcc.c.obj
 .debug_aranges
                0x00000358      0x160 cmake/stm32cubemx/CMakeFiles/STM32_Drivers.dir/__/__/Drivers/STM32U5xx_HAL_Driver/Src/stm32u5xx_hal_rcc_ex.c.obj
 .debug_aranges
                0x000004b8       0x78 cmake/stm32cubemx/CMakeFiles/STM32_Drivers.dir/__/__/Drivers/STM32U5xx_HAL_Driver/Src/stm32u5xx_hal_gpio.c.obj
 .debug_aranges
                0x00000530       0xa0 cmake/stm32cubemx/CMakeFiles/STM32_Drivers.dir/__/__/Drivers/STM32U5xx_HAL_Driver/Src/stm32u5xx_hal_dma.c.obj
 .debug_aranges
                0x000005d0      0x200 cmake/stm32cubemx/CMakeFiles/STM32_Drivers.dir/__/__/Drivers/STM32U5xx_HAL_Driver/Src/stm32u5xx_hal_pwr_ex.c.obj
 .debug_aranges
                0x000007d0      0x248 cmake/stm32cubemx/CMakeFiles/STM32_Drivers.dir/__/__/Drivers/STM32U5xx_HAL_Driver/Src/stm32u5xx_hal_uart.c.obj
 .debug_aranges
                0x00000a18       0xb8 cmake/stm32cubemx/CMakeFiles/STM32_Drivers.dir/__/__/Drivers/STM32U5xx_HAL_Driver/Src/stm32u5xx_hal_uart_ex.c.obj
 .debug_aranges
                0x00000ad0       0x40 CMakeFiles/test_10-04-2025_button-codetest.dir/Core/Src/main.c.obj
 .debug_aranges
                0x00000b10       0x68 CMakeFiles/test_10-04-2025_button-codetest.dir/Core/Src/stm32u5xx_it.c.obj
 .debug_aranges
                0x00000b78       0x30 CMakeFiles/test_10-04-2025_button-codetest.dir/Core/Src/stm32u5xx_hal_msp.c.obj
 .debug_aranges
                0x00000ba8       0x28 CMakeFiles/test_10-04-2025_button-codetest.dir/startup_stm32u575xx.s.obj

.debug_rnglists
                0x00000000      0x920
 .debug_rnglists
                0x00000000       0x1a cmake/stm32cubemx/CMakeFiles/STM32_Drivers.dir/__/__/Core/Src/system_stm32u5xx.c.obj
 .debug_rnglists
                0x0000001a       0xec cmake/stm32cubemx/CMakeFiles/STM32_Drivers.dir/__/__/Drivers/STM32U5xx_HAL_Driver/Src/stm32u5xx_hal_cortex.c.obj
 .debug_rnglists
                0x00000106       0xf3 cmake/stm32cubemx/CMakeFiles/STM32_Drivers.dir/__/__/Drivers/STM32U5xx_HAL_Driver/Src/stm32u5xx_hal.c.obj
 .debug_rnglists
                0x000001f9       0x7f cmake/stm32cubemx/CMakeFiles/STM32_Drivers.dir/__/__/Drivers/STM32U5xx_HAL_Driver/Src/stm32u5xx_hal_rcc.c.obj
 .debug_rnglists
                0x00000278      0x113 cmake/stm32cubemx/CMakeFiles/STM32_Drivers.dir/__/__/Drivers/STM32U5xx_HAL_Driver/Src/stm32u5xx_hal_rcc_ex.c.obj
 .debug_rnglists
                0x0000038b       0x5a cmake/stm32cubemx/CMakeFiles/STM32_Drivers.dir/__/__/Drivers/STM32U5xx_HAL_Driver/Src/stm32u5xx_hal_gpio.c.obj
 .debug_rnglists
                0x000003e5       0x7e cmake/stm32cubemx/CMakeFiles/STM32_Drivers.dir/__/__/Drivers/STM32U5xx_HAL_Driver/Src/stm32u5xx_hal_dma.c.obj
 .debug_rnglists
                0x00000463      0x186 cmake/stm32cubemx/CMakeFiles/STM32_Drivers.dir/__/__/Drivers/STM32U5xx_HAL_Driver/Src/stm32u5xx_hal_pwr_ex.c.obj
 .debug_rnglists
                0x000005e9      0x1fb cmake/stm32cubemx/CMakeFiles/STM32_Drivers.dir/__/__/Drivers/STM32U5xx_HAL_Driver/Src/stm32u5xx_hal_uart.c.obj
 .debug_rnglists
                0x000007e4       0x8c cmake/stm32cubemx/CMakeFiles/STM32_Drivers.dir/__/__/Drivers/STM32U5xx_HAL_Driver/Src/stm32u5xx_hal_uart_ex.c.obj
 .debug_rnglists
                0x00000870       0x2e CMakeFiles/test_10-04-2025_button-codetest.dir/Core/Src/main.c.obj
 .debug_rnglists
                0x0000089e       0x49 CMakeFiles/test_10-04-2025_button-codetest.dir/Core/Src/stm32u5xx_it.c.obj
 .debug_rnglists
                0x000008e7       0x20 CMakeFiles/test_10-04-2025_button-codetest.dir/Core/Src/stm32u5xx_hal_msp.c.obj
 .debug_rnglists
                0x00000907       0x19 CMakeFiles/test_10-04-2025_button-codetest.dir/startup_stm32u575xx.s.obj

.debug_macro    0x00000000    0x30755
 .debug_macro   0x00000000      0x251 cmake/stm32cubemx/CMakeFiles/STM32_Drivers.dir/__/__/Core/Src/system_stm32u5xx.c.obj
 .debug_macro   0x00000251      0xade cmake/stm32cubemx/CMakeFiles/STM32_Drivers.dir/__/__/Core/Src/system_stm32u5xx.c.obj
 .debug_macro   0x00000d2f       0x2e cmake/stm32cubemx/CMakeFiles/STM32_Drivers.dir/__/__/Core/Src/system_stm32u5xx.c.obj
 .debug_macro   0x00000d5d       0x42 cmake/stm32cubemx/CMakeFiles/STM32_Drivers.dir/__/__/Core/Src/system_stm32u5xx.c.obj
 .debug_macro   0x00000d9f       0x22 cmake/stm32cubemx/CMakeFiles/STM32_Drivers.dir/__/__/Core/Src/system_stm32u5xx.c.obj
 .debug_macro   0x00000dc1       0x8e cmake/stm32cubemx/CMakeFiles/STM32_Drivers.dir/__/__/Core/Src/system_stm32u5xx.c.obj
 .debug_macro   0x00000e4f       0x51 cmake/stm32cubemx/CMakeFiles/STM32_Drivers.dir/__/__/Core/Src/system_stm32u5xx.c.obj
 .debug_macro   0x00000ea0      0x103 cmake/stm32cubemx/CMakeFiles/STM32_Drivers.dir/__/__/Core/Src/system_stm32u5xx.c.obj
 .debug_macro   0x00000fa3       0x6a cmake/stm32cubemx/CMakeFiles/STM32_Drivers.dir/__/__/Core/Src/system_stm32u5xx.c.obj
 .debug_macro   0x0000100d      0x1df cmake/stm32cubemx/CMakeFiles/STM32_Drivers.dir/__/__/Core/Src/system_stm32u5xx.c.obj
 .debug_macro   0x000011ec       0x1c cmake/stm32cubemx/CMakeFiles/STM32_Drivers.dir/__/__/Core/Src/system_stm32u5xx.c.obj
 .debug_macro   0x00001208       0x29 cmake/stm32cubemx/CMakeFiles/STM32_Drivers.dir/__/__/Core/Src/system_stm32u5xx.c.obj
 .debug_macro   0x00001231       0xfb cmake/stm32cubemx/CMakeFiles/STM32_Drivers.dir/__/__/Core/Src/system_stm32u5xx.c.obj
 .debug_macro   0x0000132c     0x1685 cmake/stm32cubemx/CMakeFiles/STM32_Drivers.dir/__/__/Core/Src/system_stm32u5xx.c.obj
 .debug_macro   0x000029b1       0x5e cmake/stm32cubemx/CMakeFiles/STM32_Drivers.dir/__/__/Core/Src/system_stm32u5xx.c.obj
 .debug_macro   0x00002a0f    0x2279e cmake/stm32cubemx/CMakeFiles/STM32_Drivers.dir/__/__/Core/Src/system_stm32u5xx.c.obj
 .debug_macro   0x000251ad       0x6d cmake/stm32cubemx/CMakeFiles/STM32_Drivers.dir/__/__/Core/Src/system_stm32u5xx.c.obj
 .debug_macro   0x0002521a      0x1f5 cmake/stm32cubemx/CMakeFiles/STM32_Drivers.dir/__/__/Core/Src/system_stm32u5xx.c.obj
 .debug_macro   0x0002540f     0x393e cmake/stm32cubemx/CMakeFiles/STM32_Drivers.dir/__/__/Core/Src/system_stm32u5xx.c.obj
 .debug_macro   0x00028d4d      0x190 cmake/stm32cubemx/CMakeFiles/STM32_Drivers.dir/__/__/Core/Src/system_stm32u5xx.c.obj
 .debug_macro   0x00028edd       0x7b cmake/stm32cubemx/CMakeFiles/STM32_Drivers.dir/__/__/Core/Src/system_stm32u5xx.c.obj
 .debug_macro   0x00028f58       0x2a cmake/stm32cubemx/CMakeFiles/STM32_Drivers.dir/__/__/Core/Src/system_stm32u5xx.c.obj
 .debug_macro   0x00028f82       0x3c cmake/stm32cubemx/CMakeFiles/STM32_Drivers.dir/__/__/Core/Src/system_stm32u5xx.c.obj
 .debug_macro   0x00028fbe       0x34 cmake/stm32cubemx/CMakeFiles/STM32_Drivers.dir/__/__/Core/Src/system_stm32u5xx.c.obj
 .debug_macro   0x00028ff2      0x370 cmake/stm32cubemx/CMakeFiles/STM32_Drivers.dir/__/__/Core/Src/system_stm32u5xx.c.obj
 .debug_macro   0x00029362       0x16 cmake/stm32cubemx/CMakeFiles/STM32_Drivers.dir/__/__/Core/Src/system_stm32u5xx.c.obj
 .debug_macro   0x00029378       0x4a cmake/stm32cubemx/CMakeFiles/STM32_Drivers.dir/__/__/Core/Src/system_stm32u5xx.c.obj
 .debug_macro   0x000293c2       0x34 cmake/stm32cubemx/CMakeFiles/STM32_Drivers.dir/__/__/Core/Src/system_stm32u5xx.c.obj
 .debug_macro   0x000293f6       0x10 cmake/stm32cubemx/CMakeFiles/STM32_Drivers.dir/__/__/Core/Src/system_stm32u5xx.c.obj
 .debug_macro   0x00029406       0x58 cmake/stm32cubemx/CMakeFiles/STM32_Drivers.dir/__/__/Core/Src/system_stm32u5xx.c.obj
 .debug_macro   0x0002945e      0x1de cmake/stm32cubemx/CMakeFiles/STM32_Drivers.dir/__/__/Core/Src/system_stm32u5xx.c.obj
 .debug_macro   0x0002963c      0x19b cmake/stm32cubemx/CMakeFiles/STM32_Drivers.dir/__/__/Core/Src/system_stm32u5xx.c.obj
 .debug_macro   0x000297d7       0x5d cmake/stm32cubemx/CMakeFiles/STM32_Drivers.dir/__/__/Core/Src/system_stm32u5xx.c.obj
 .debug_macro   0x00029834     0x1ae5 cmake/stm32cubemx/CMakeFiles/STM32_Drivers.dir/__/__/Core/Src/system_stm32u5xx.c.obj
 .debug_macro   0x0002b319      0x7dc cmake/stm32cubemx/CMakeFiles/STM32_Drivers.dir/__/__/Core/Src/system_stm32u5xx.c.obj
 .debug_macro   0x0002baf5      0x166 cmake/stm32cubemx/CMakeFiles/STM32_Drivers.dir/__/__/Core/Src/system_stm32u5xx.c.obj
 .debug_macro   0x0002bc5b      0x2aa cmake/stm32cubemx/CMakeFiles/STM32_Drivers.dir/__/__/Core/Src/system_stm32u5xx.c.obj
 .debug_macro   0x0002bf05      0x5a5 cmake/stm32cubemx/CMakeFiles/STM32_Drivers.dir/__/__/Core/Src/system_stm32u5xx.c.obj
 .debug_macro   0x0002c4aa      0x439 cmake/stm32cubemx/CMakeFiles/STM32_Drivers.dir/__/__/Core/Src/system_stm32u5xx.c.obj
 .debug_macro   0x0002c8e3       0xd6 cmake/stm32cubemx/CMakeFiles/STM32_Drivers.dir/__/__/Core/Src/system_stm32u5xx.c.obj
 .debug_macro   0x0002c9b9      0x1cd cmake/stm32cubemx/CMakeFiles/STM32_Drivers.dir/__/__/Core/Src/system_stm32u5xx.c.obj
 .debug_macro   0x0002cb86      0x432 cmake/stm32cubemx/CMakeFiles/STM32_Drivers.dir/__/__/Core/Src/system_stm32u5xx.c.obj
 .debug_macro   0x0002cfb8       0x95 cmake/stm32cubemx/CMakeFiles/STM32_Drivers.dir/__/__/Core/Src/system_stm32u5xx.c.obj
 .debug_macro   0x0002d04d      0x11c cmake/stm32cubemx/CMakeFiles/STM32_Drivers.dir/__/__/Core/Src/system_stm32u5xx.c.obj
 .debug_macro   0x0002d169      0x525 cmake/stm32cubemx/CMakeFiles/STM32_Drivers.dir/__/__/Core/Src/system_stm32u5xx.c.obj
 .debug_macro   0x0002d68e      0x4bf cmake/stm32cubemx/CMakeFiles/STM32_Drivers.dir/__/__/Core/Src/system_stm32u5xx.c.obj
 .debug_macro   0x0002db4d      0x677 cmake/stm32cubemx/CMakeFiles/STM32_Drivers.dir/__/__/Core/Src/system_stm32u5xx.c.obj
 .debug_macro   0x0002e1c4      0x1a1 cmake/stm32cubemx/CMakeFiles/STM32_Drivers.dir/__/__/Core/Src/system_stm32u5xx.c.obj
 .debug_macro   0x0002e365      0x1c0 cmake/stm32cubemx/CMakeFiles/STM32_Drivers.dir/__/__/Core/Src/system_stm32u5xx.c.obj
 .debug_macro   0x0002e525      0x361 cmake/stm32cubemx/CMakeFiles/STM32_Drivers.dir/__/__/Core/Src/system_stm32u5xx.c.obj
 .debug_macro   0x0002e886      0x24a cmake/stm32cubemx/CMakeFiles/STM32_Drivers.dir/__/__/Drivers/STM32U5xx_HAL_Driver/Src/stm32u5xx_hal_cortex.c.obj
 .debug_macro   0x0002ead0      0x26e cmake/stm32cubemx/CMakeFiles/STM32_Drivers.dir/__/__/Drivers/STM32U5xx_HAL_Driver/Src/stm32u5xx_hal.c.obj
 .debug_macro   0x0002ed3e      0x350 cmake/stm32cubemx/CMakeFiles/STM32_Drivers.dir/__/__/Drivers/STM32U5xx_HAL_Driver/Src/stm32u5xx_hal_rcc.c.obj
 .debug_macro   0x0002f08e      0x374 cmake/stm32cubemx/CMakeFiles/STM32_Drivers.dir/__/__/Drivers/STM32U5xx_HAL_Driver/Src/stm32u5xx_hal_rcc_ex.c.obj
 .debug_macro   0x0002f402      0x27f cmake/stm32cubemx/CMakeFiles/STM32_Drivers.dir/__/__/Drivers/STM32U5xx_HAL_Driver/Src/stm32u5xx_hal_gpio.c.obj
 .debug_macro   0x0002f681      0x24b cmake/stm32cubemx/CMakeFiles/STM32_Drivers.dir/__/__/Drivers/STM32U5xx_HAL_Driver/Src/stm32u5xx_hal_dma.c.obj
 .debug_macro   0x0002f8cc      0x275 cmake/stm32cubemx/CMakeFiles/STM32_Drivers.dir/__/__/Drivers/STM32U5xx_HAL_Driver/Src/stm32u5xx_hal_pwr_ex.c.obj
 .debug_macro   0x0002fb41      0x275 cmake/stm32cubemx/CMakeFiles/STM32_Drivers.dir/__/__/Drivers/STM32U5xx_HAL_Driver/Src/stm32u5xx_hal_uart.c.obj
 .debug_macro   0x0002fdb6      0x256 cmake/stm32cubemx/CMakeFiles/STM32_Drivers.dir/__/__/Drivers/STM32U5xx_HAL_Driver/Src/stm32u5xx_hal_uart_ex.c.obj
 .debug_macro   0x0003000c      0x259 CMakeFiles/test_10-04-2025_button-codetest.dir/Core/Src/main.c.obj
 .debug_macro   0x00030265       0x34 CMakeFiles/test_10-04-2025_button-codetest.dir/Core/Src/main.c.obj
 .debug_macro   0x00030299      0x263 CMakeFiles/test_10-04-2025_button-codetest.dir/Core/Src/stm32u5xx_it.c.obj
 .debug_macro   0x000304fc      0x259 CMakeFiles/test_10-04-2025_button-codetest.dir/Core/Src/stm32u5xx_hal_msp.c.obj

.debug_line     0x00000000     0xdafd
 .debug_line    0x00000000      0x7aa cmake/stm32cubemx/CMakeFiles/STM32_Drivers.dir/__/__/Core/Src/system_stm32u5xx.c.obj
 .debug_line    0x000007aa      0xcfb cmake/stm32cubemx/CMakeFiles/STM32_Drivers.dir/__/__/Drivers/STM32U5xx_HAL_Driver/Src/stm32u5xx_hal_cortex.c.obj
 .debug_line    0x000014a5      0xb4b cmake/stm32cubemx/CMakeFiles/STM32_Drivers.dir/__/__/Drivers/STM32U5xx_HAL_Driver/Src/stm32u5xx_hal.c.obj
 .debug_line    0x00001ff0     0x1538 cmake/stm32cubemx/CMakeFiles/STM32_Drivers.dir/__/__/Drivers/STM32U5xx_HAL_Driver/Src/stm32u5xx_hal_rcc.c.obj
 .debug_line    0x00003528     0x2163 cmake/stm32cubemx/CMakeFiles/STM32_Drivers.dir/__/__/Drivers/STM32U5xx_HAL_Driver/Src/stm32u5xx_hal_rcc_ex.c.obj
 .debug_line    0x0000568b      0xc4a cmake/stm32cubemx/CMakeFiles/STM32_Drivers.dir/__/__/Drivers/STM32U5xx_HAL_Driver/Src/stm32u5xx_hal_gpio.c.obj
 .debug_line    0x000062d5     0x112d cmake/stm32cubemx/CMakeFiles/STM32_Drivers.dir/__/__/Drivers/STM32U5xx_HAL_Driver/Src/stm32u5xx_hal_dma.c.obj
 .debug_line    0x00007402     0x1026 cmake/stm32cubemx/CMakeFiles/STM32_Drivers.dir/__/__/Drivers/STM32U5xx_HAL_Driver/Src/stm32u5xx_hal_pwr_ex.c.obj
 .debug_line    0x00008428     0x32f5 cmake/stm32cubemx/CMakeFiles/STM32_Drivers.dir/__/__/Drivers/STM32U5xx_HAL_Driver/Src/stm32u5xx_hal_uart.c.obj
 .debug_line    0x0000b71d      0xcec cmake/stm32cubemx/CMakeFiles/STM32_Drivers.dir/__/__/Drivers/STM32U5xx_HAL_Driver/Src/stm32u5xx_hal_uart_ex.c.obj
 .debug_line    0x0000c409      0x7fe CMakeFiles/test_10-04-2025_button-codetest.dir/Core/Src/main.c.obj
 .debug_line    0x0000cc07      0x76f CMakeFiles/test_10-04-2025_button-codetest.dir/Core/Src/stm32u5xx_it.c.obj
 .debug_line    0x0000d376      0x70e CMakeFiles/test_10-04-2025_button-codetest.dir/Core/Src/stm32u5xx_hal_msp.c.obj
 .debug_line    0x0000da84       0x79 CMakeFiles/test_10-04-2025_button-codetest.dir/startup_stm32u575xx.s.obj

.debug_str      0x00000000   0x131510
 .debug_str     0x00000000   0x131510 cmake/stm32cubemx/CMakeFiles/STM32_Drivers.dir/__/__/Core/Src/system_stm32u5xx.c.obj
                             0x12a885 (size before relaxing)
 .debug_str     0x00131510   0x12b4ca cmake/stm32cubemx/CMakeFiles/STM32_Drivers.dir/__/__/Drivers/STM32U5xx_HAL_Driver/Src/stm32u5xx_hal_cortex.c.obj
 .debug_str     0x00131510   0x12b6ea cmake/stm32cubemx/CMakeFiles/STM32_Drivers.dir/__/__/Drivers/STM32U5xx_HAL_Driver/Src/stm32u5xx_hal.c.obj
 .debug_str     0x00131510   0x12bf7a cmake/stm32cubemx/CMakeFiles/STM32_Drivers.dir/__/__/Drivers/STM32U5xx_HAL_Driver/Src/stm32u5xx_hal_rcc.c.obj
 .debug_str     0x00131510   0x12d1dd cmake/stm32cubemx/CMakeFiles/STM32_Drivers.dir/__/__/Drivers/STM32U5xx_HAL_Driver/Src/stm32u5xx_hal_rcc_ex.c.obj
 .debug_str     0x00131510   0x12a8aa cmake/stm32cubemx/CMakeFiles/STM32_Drivers.dir/__/__/Drivers/STM32U5xx_HAL_Driver/Src/stm32u5xx_hal_gpio.c.obj
 .debug_str     0x00131510   0x12ac09 cmake/stm32cubemx/CMakeFiles/STM32_Drivers.dir/__/__/Drivers/STM32U5xx_HAL_Driver/Src/stm32u5xx_hal_dma.c.obj
 .debug_str     0x00131510   0x12afc5 cmake/stm32cubemx/CMakeFiles/STM32_Drivers.dir/__/__/Drivers/STM32U5xx_HAL_Driver/Src/stm32u5xx_hal_pwr_ex.c.obj
 .debug_str     0x00131510   0x12b54c cmake/stm32cubemx/CMakeFiles/STM32_Drivers.dir/__/__/Drivers/STM32U5xx_HAL_Driver/Src/stm32u5xx_hal_uart.c.obj
 .debug_str     0x00131510   0x12affe cmake/stm32cubemx/CMakeFiles/STM32_Drivers.dir/__/__/Drivers/STM32U5xx_HAL_Driver/Src/stm32u5xx_hal_uart_ex.c.obj
 .debug_str     0x00131510   0x12b183 CMakeFiles/test_10-04-2025_button-codetest.dir/Core/Src/main.c.obj
 .debug_str     0x00131510   0x12ac75 CMakeFiles/test_10-04-2025_button-codetest.dir/Core/Src/stm32u5xx_it.c.obj
 .debug_str     0x00131510   0x12b976 CMakeFiles/test_10-04-2025_button-codetest.dir/Core/Src/stm32u5xx_hal_msp.c.obj
 .debug_str     0x00131510       0xbe CMakeFiles/test_10-04-2025_button-codetest.dir/startup_stm32u575xx.s.obj

.comment        0x00000000       0x44
 .comment       0x00000000       0x44 cmake/stm32cubemx/CMakeFiles/STM32_Drivers.dir/__/__/Core/Src/system_stm32u5xx.c.obj
                                 0x45 (size before relaxing)
 .comment       0x00000044       0x45 cmake/stm32cubemx/CMakeFiles/STM32_Drivers.dir/__/__/Drivers/STM32U5xx_HAL_Driver/Src/stm32u5xx_hal_cortex.c.obj
 .comment       0x00000044       0x45 cmake/stm32cubemx/CMakeFiles/STM32_Drivers.dir/__/__/Drivers/STM32U5xx_HAL_Driver/Src/stm32u5xx_hal.c.obj
 .comment       0x00000044       0x45 cmake/stm32cubemx/CMakeFiles/STM32_Drivers.dir/__/__/Drivers/STM32U5xx_HAL_Driver/Src/stm32u5xx_hal_rcc.c.obj
 .comment       0x00000044       0x45 cmake/stm32cubemx/CMakeFiles/STM32_Drivers.dir/__/__/Drivers/STM32U5xx_HAL_Driver/Src/stm32u5xx_hal_rcc_ex.c.obj
 .comment       0x00000044       0x45 cmake/stm32cubemx/CMakeFiles/STM32_Drivers.dir/__/__/Drivers/STM32U5xx_HAL_Driver/Src/stm32u5xx_hal_gpio.c.obj
 .comment       0x00000044       0x45 cmake/stm32cubemx/CMakeFiles/STM32_Drivers.dir/__/__/Drivers/STM32U5xx_HAL_Driver/Src/stm32u5xx_hal_dma.c.obj
 .comment       0x00000044       0x45 cmake/stm32cubemx/CMakeFiles/STM32_Drivers.dir/__/__/Drivers/STM32U5xx_HAL_Driver/Src/stm32u5xx_hal_pwr_ex.c.obj
 .comment       0x00000044       0x45 cmake/stm32cubemx/CMakeFiles/STM32_Drivers.dir/__/__/Drivers/STM32U5xx_HAL_Driver/Src/stm32u5xx_hal_uart.c.obj
 .comment       0x00000044       0x45 cmake/stm32cubemx/CMakeFiles/STM32_Drivers.dir/__/__/Drivers/STM32U5xx_HAL_Driver/Src/stm32u5xx_hal_uart_ex.c.obj
 .comment       0x00000044       0x45 CMakeFiles/test_10-04-2025_button-codetest.dir/Core/Src/main.c.obj
 .comment       0x00000044       0x45 CMakeFiles/test_10-04-2025_button-codetest.dir/Core/Src/stm32u5xx_it.c.obj
 .comment       0x00000044       0x45 CMakeFiles/test_10-04-2025_button-codetest.dir/Core/Src/stm32u5xx_hal_msp.c.obj

.debug_line_str
                0x00000000      0x174
 .debug_line_str
                0x00000000      0x174 CMakeFiles/test_10-04-2025_button-codetest.dir/startup_stm32u575xx.s.obj
                                 0xa2 (size before relaxing)
 .debug_line_str
                0x00000174       0xc6 /usr/share/gcc-arm-none-eabi-13.2.rel1/bin/../lib/gcc/arm-none-eabi/13.2.1/thumb/v8-m.main+fp/hard/libgcc.a(_aeabi_uldivmod.o)
 .debug_line_str
                0x00000174       0xca /usr/share/gcc-arm-none-eabi-13.2.rel1/bin/../lib/gcc/arm-none-eabi/13.2.1/thumb/v8-m.main+fp/hard/libgcc.a(_dvmd_tls.o)
